// Jest Snapshot v1, https://goo.gl/fbAQLP

exports[`renders correctly 1`] = `
<View
  style={
    {
      "alignItems": "flex-start",
      "display": "flex",
      "flexDirection": "column",
      "justifyContent": "flex-start",
      "marginVertical": 8,
      "width": "100%",
    }
  }
>
  <Text
    style={
      [
        {
          "color": "#11181C",
        },
        {
          "fontSize": 16,
          "lineHeight": 24,
        },
        undefined,
        undefined,
        undefined,
        undefined,
        {
          "color": "#333",
          "fontSize": 16,
          "fontWeight": "600",
          "marginBottom": 4,
        },
      ]
    }
  >
    Test Input
  </Text>
  <TextInput
    autoCapitalize="none"
    editable={true}
    onChangeText={[Function]}
    placeholder="Snapshot test!"
    style={
      [
        {
          "borderColor": "#E0E0E0",
          "borderRadius": 8,
          "borderWidth": 1,
          "color": "#333",
          "fontSize": 16,
          "fontWeight": "600",
          "height": 45,
          "padding": 8,
          "textTransform": "lowercase",
          "width": "100%",
        },
        {
          "borderColor": "#FF0000",
        },
        undefined,
      ]
    }
    value=""
  />
  <Text
    style={
      [
        {
          "color": "#11181C",
        },
        {
          "fontSize": 16,
          "lineHeight": 24,
        },
        undefined,
        undefined,
        undefined,
        undefined,
        {
          "color": "#FF0000",
          "fontSize": 14,
        },
      ]
    }
  >
    Este campo es requerido
  </Text>
</View>
`;
